// Jest Snapshot v1, https://goo.gl/fbAQLP

exports[`creates a snapshot of EditForm 1`] = `
<Fragment>
  <div
    className="edit-form animated flipInY"
  >
    <form
      onSubmit={[Function]}
    >
      <label
        htmlFor="name"
      >
        Name
      </label>
      <input
        id="name"
        name="name"
        onChange={[Function]}
        type="text"
      />
      <br />
      <br />
      <label
        htmlFor="profile image"
      >
        Profile Image
      </label>
      <input
        id="profile image"
        name="image"
        onChange={[Function]}
        type="text"
      />
      <br />
      <br />
      <label
        htmlFor="age"
      >
        Age
      </label>
      <input
        id="age"
        name="age"
        onChange={[Function]}
        type="text"
      />
      <br />
      <br />
      <label
        htmlFor="address"
      >
        Address
      </label>
      <input
        id="address"
        name="address"
        onChange={[Function]}
        type="text"
      />
      <br />
      <br />
      <label
        htmlFor="allergies"
      >
        Allergies
      </label>
      <input
        id="allergies"
        name="allergies"
        onChange={[Function]}
        type="text"
      />
      <br />
      <br />
      <label
        htmlFor="balance"
      >
        Balance
      </label>
      <input
        id="balance"
        name="balance"
        onChange={[Function]}
        type="text"
      />
      <br />
      <br />
      <button>
        Edit Child
      </button>
      <CancelButton />
    </form>
  </div>
</Fragment>
`;
