// Jest Snapshot v1, https://goo.gl/fbAQLP

exports[`should check for changes to ParentSignUp component through snapshot 1`] = `
<div>
  <Modal
    ariaHideApp={true}
    bodyOpenClassName="ReactModal__Body--open"
    closeTimeoutMS={0}
    isOpen={true}
    parentSelector={[Function]}
    portalClassName="ReactModalPortal"
    role="dialog"
    shouldCloseOnEsc={true}
    shouldCloseOnOverlayClick={true}
    shouldFocusAfterRender={true}
    shouldReturnFocusAfterClose={true}
    style={
      Object {
        "content": Object {
          "backgroundColor": "rgb(137, 253, 214)",
          "border": "none",
          "borderRadius": "15px",
          "bottom": "auto",
          "boxShadow": "11px 10px 44px 4px rgba(0,0,0,0.75)",
          "height": "300px",
          "left": "50%",
          "marginRight": "-50%",
          "mozboxShadow": "11px 10px 44px 4px rgba(0,0,0,0.75)",
          "overflow": "hidden",
          "padding": "30px",
          "right": "auto",
          "top": "50%",
          "transform": "translate(-50%, -50%)",
          "webkitboxShadow": "11px 10px 44px 4px rgba(0,0,0,0.75)",
          "width": "550px",
        },
      }
    }
  >
    <div
      className="parent-sign"
    >
      <span
        onClick={[Function]}
      >
        X
      </span>
      <form
        onSubmit={[Function]}
      >
        <h4>
          Register
        </h4>
        <label>
          Name
        </label>
        <input
          name="name"
          onChange={[Function]}
          type="text"
          value=""
        />
        <br />
        <label>
          Username
        </label>
        <input
          name="username"
          onChange={[Function]}
          type="text"
          value=""
        />
        <br />
        <label>
          Password
        </label>
        <input
          name="password"
          onChange={[Function]}
          type="password"
          value=""
        />
        <br />
        <button>
          Register
        </button>
      </form>
    </div>
  </Modal>
</div>
`;
