// Jest Snapshot v1, https://goo.gl/fbAQLP

exports[`provides snapshot of LoginFrom 1`] = `
<div
  className="login animated flipInY"
>
  <h1>
    <Message />
     Provider
  </h1>
  <form
    onSubmit={[Function]}
  >
    <label
      htmlFor="username"
    >
      Username
    </label>
    <input
      id="username"
      name="username"
      onChange={[Function]}
      type="text"
      value=""
    />
    <br />
    <label
      htmlFor="password"
    >
      Password
    </label>
    <input
      id="password"
      name="password"
      onChange={[Function]}
      type="password"
      value=""
    />
    <br />
    <button>
      Log In
    </button>
  </form>
</div>
`;
